// Jest Snapshot v1, https://goo.gl/fbAQLP

exports[`Tests FormCourse Makes sure render correctly 1`] = `
Array [
  <div
    className="desktopMenu"
  />,
  <div
    className="container positionImage"
    style={
      Object {
        "backgroundImage": "url(fun1.jpeg)",
      }
    }
  >
    <nav
      className="navBar navMenu show"
    >
      <div>
        <a
          href="url"
          onClick={[Function]}
        >
          <i
            className="fa chevron-left"
          />
        </a>
      </div>
      <div>
        Create
      </div>
      <button
        className="removeButtonStyles"
        onClick={[Function]}
        type="button"
      >
        <i
          className="fa ellipsis-v"
        />
      </button>
    </nav>
    <div
      className="layer bgImage"
      id="layer"
    />
    <div
      className="form"
    >
      <header
        className="header"
      >
        <div>
          <h3>
            Javier
          </h3>
          <h4>
            create a fun course!
          </h4>
        </div>
      </header>
      <form
        className="form correctForm"
        onSubmit={[Function]}
      >
        <div>
          <label
            htmlFor="title"
          >
            <div>
              Title
            </div>
            <input
              id="title"
              onChange={[Function]}
              placeholder="Title"
              type="text"
              value=""
            />
          </label>
        </div>
        <div>
          <label
            htmlFor="content"
          >
            <div>
              Content
            </div>
            <textarea
              className="long-text"
              id="content"
              onChange={[Function]}
              placeholder="Be concise"
              type="text"
              value=""
            />
          </label>
        </div>
        <div>
          <label
            htmlFor="dateStart"
          >
            <div>
              Start
            </div>
            <input
              id="dateStart"
              max="4/1/2021"
              onChange={[Function]}
              type="date"
              value="4/1/2021"
            />
          </label>
          <label
            htmlFor="dateEnd"
          >
            <div>
              End
            </div>
            <input
              id="dateEnd"
              min="4/1/2021"
              onChange={[Function]}
              type="date"
              value="4/1/2021"
            />
          </label>
        </div>
        <div>
          <label
            htmlFor="price"
          >
            <div>
              Price
            </div>
            <input
              id="price"
              onChange={[Function]}
              placeholder="Price"
              type="text"
              value=""
            />
          </label>
        </div>
        <div>
          <label
            htmlFor="price"
          >
            <div>
              Videocall provider
            </div>
            <select
              onChange={[Function]}
              value="zoom"
            >
              <option
                value="zoom"
              >
                Zoom
              </option>
              <option
                value="meet"
              >
                Meet
              </option>
              <option
                value="livestorm"
              >
                Livestorm
              </option>
              <option
                value="zoho-meeting"
              >
                Zoho Meeting
              </option>
              <option
                value="pexip"
              >
                Pexip
              </option>
              <option
                value="poly"
              >
                Poly
              </option>
              <option
                value="Blue-jeans"
              >
                Blue Jeans
              </option>
            </select>
          </label>
        </div>
        <div>
          <label
            htmlFor="link"
          >
            <div>
              link
            </div>
            <input
              id="link"
              onChange={[Function]}
              placeholder="Paste the link"
              type="text"
              value=""
            />
          </label>
        </div>
        <div>
          <label
            htmlFor="link"
          >
            <div>
              Status
            </div>
            <select
              onChange={[Function]}
              value="Closed"
            >
              <option
                value="Open"
              >
                Open
              </option>
              <option
                value="Closed"
              >
                Closed
              </option>
            </select>
          </label>
        </div>
        <div>
          <label
            htmlFor="main-picture"
          >
            <div>
              Main picture
            </div>
            <input
              accept="image/*"
              id="main-picture"
              name="main-picture"
              onChange={[Function]}
              type="file"
            />
          </label>
        </div>
        <div>
          <label
            htmlFor="main-picture"
          >
            <div>
              Add 3 more engaging pictures
            </div>
            <input
              accept="image/*"
              id="main-picture"
              multiple={true}
              name="main-picture"
              onChange={[Function]}
              type="file"
            />
          </label>
        </div>
        <div
          className="submit"
        >
          <input
            className="button"
            type="submit"
            value="Submit"
          />
        </div>
      </form>
    </div>
  </div>,
]
`;
