// Jest Snapshot v1, https://goo.gl/fbAQLP

exports[`Tests for User Prints correctly 1`] = `
<div>
  <nav>
    <ul>
      <li>
        <a
          href="/url"
          onClick={[Function]}
        >
          &lt;
        </a>
      </li>
    </ul>
  </nav>
  <h3>
    Paco
  </h3>
  <div>
    <div>
      Your are not friends yet
    </div>
    <button
      onClick={[Function]}
      type="button"
    >
      Add to friend
    </button>
  </div>
</div>
`;
