// Jest Snapshot v1, https://goo.gl/fbAQLP

exports[`Tests for User Prints correctly 1`] = `
Array [
  <div
    className="desktopMenu"
  />,
  <div>
    <nav
      className="navMenu"
    >
      <div>
        <a
          href="/url"
          onClick={[Function]}
        >
          <i
            className="fa chevron-left"
          />
        </a>
      </div>
      <div>
        Paco
      </div>
      <button
        className="removeButtonStyles"
        onClick={[Function]}
        type="button"
      >
        <i
          className="fa ellipsis-v"
        />
      </button>
    </nav>
    <div
      className="container"
    >
      <div
        className="friendFalse"
      >
        <div
          className="avatar avatar avatarNotFriend"
          style={
            Object {
              "backgroundImage": "url(avatar.jpg)",
            }
          }
        />
        <h3
          className="username"
        >
          Paco
        </h3>
        <div
          className="notFriends"
        >
          Your are not friends yet
        </div>
        <button
          className="button-3"
          onClick={[Function]}
          type="button"
        >
          Add to friend
        </button>
      </div>
    </div>
  </div>,
]
`;
